// Jest Snapshot v1, https://goo.gl/fbAQLP

exports[`UserProfile Component render userProfile component 1`] = `
<div>
  <div
    class="user"
  >
    <img
      alt="Alaa"
      class="user--avatar"
      src="https://via.placeholder.com/140x100"
    />
    <p
      class="user--name"
    >
      Alaa Ahmad
    </p>
  </div>
</div>
`;
